\BOOKMARK [1][-]{section.1}{\376\377\000G\000i\036\333\000i\000\040\000t\000h\000i\036\307\000u}{}% 1
\BOOKMARK [2][-]{subsection.1.1}{\376\377\000B\000\340\000i\000\040\000t\000o\000\341\000n\000\040\000c\036\247\000n\000\040\000g\000i\036\243\000i\000\040\000q\000u\000y\036\277\000t}{section.1}% 2
\BOOKMARK [2][-]{subsection.1.2}{\376\377\000K\000h\000\363\000\040\000k\000h\001\003\000n\000\040\000v\000\340\000\040\000t\000h\000\341\000c\000h\000\040\000t\000h\036\351\000c}{section.1}% 3
\BOOKMARK [2][-]{subsection.1.3}{\376\377\000\335\000\040\000t\001\260\036\337\000n\000g\000\040\001\021\036\301\000\040\000x\000u\036\245\000t\000\040\000c\036\347\000a\000\040\000M\000e\000d\000C\000L\000I\000P\000-\000S\000A\000M\000v\0002}{section.1}% 4
\BOOKMARK [2][-]{subsection.1.4}{\376\377\000M\036\345\000c\000\040\000t\000i\000\352\000u\000\040\000v\000\340\000\040\000p\000h\036\241\000m\000\040\000v\000i\000\040\001\021\036\323\000\040\000\341\000n}{section.1}% 5
\BOOKMARK [1][-]{section.2}{\376\377\000P\000h\001\260\001\241\000n\000g\000\040\000p\000h\000\341\000p\000\040\000t\000h\036\361\000c\000\040\000h\000i\036\307\000n}{}% 6
\BOOKMARK [2][-]{subsection.2.1}{\376\377\000T\036\325\000n\000g\000\040\000q\000u\000a\000n\000\040\000f\000r\000a\000m\000e\000w\000o\000r\000k}{section.2}% 7
\BOOKMARK [2][-]{subsection.2.2}{\376\377\000G\000i\000a\000i\000\040\001\021\000o\036\241\000n\000\040\0001\000:\000\040\000F\000i\000n\000e\000-\000t\000u\000n\000e\000\040\000B\000i\000o\000m\000e\000d\000C\000L\000I\000P\000\040\000\050\000D\000H\000N\000-\000N\000C\000E\000\051}{section.2}% 8
\BOOKMARK [2][-]{subsection.2.3}{\376\377\000G\000i\000a\000i\000\040\001\021\000o\036\241\000n\000\040\0002\000:\000\040\000Z\000e\000r\000o\000-\000s\000h\000o\000t\000\040\000s\000e\000g\000m\000e\000n\000t\000a\000t\000i\000o\000n\000\040\000\050\000M\0002\000I\000B\000\040\000+\000\040\000S\000A\000M\000\051}{section.2}% 9
\BOOKMARK [2][-]{subsection.2.4}{\376\377\000G\000i\000a\000i\000\040\001\021\000o\036\241\000n\000\040\0003\000:\000\040\000n\000n\000U\000N\000e\000t\000\040\000y\036\277\000u\000\040\000g\000i\000\341\000m\000\040\000s\000\341\000t}{section.2}% 10
\BOOKMARK [2][-]{subsection.2.5}{\376\377\000D\036\357\000\040\000l\000i\036\307\000u\000\040\000v\000\340\000\040\000t\000r\000i\036\303\000n\000\040\000k\000h\000a\000i}{section.2}% 11
\BOOKMARK [1][-]{section.3}{\376\377\000T\000h\036\361\000c\000\040\000n\000g\000h\000i\036\307\000m}{}% 12
\BOOKMARK [2][-]{subsection.3.1}{\376\377\000T\000h\000i\036\277\000t\000\040\000l\036\255\000p\000\040\000t\000h\036\361\000c\000\040\000n\000g\000h\000i\036\307\000m}{section.3}% 13
\BOOKMARK [2][-]{subsection.3.2}{\376\377\000K\036\277\000t\000\040\000q\000u\036\243\000\040\000b\000\340\000i\000\040\000b\000\341\000o\000\040\000g\036\321\000c}{section.3}% 14
\BOOKMARK [2][-]{subsection.3.3}{\376\377\000K\036\277\000t\000\040\000q\000u\036\243\000\040\000t\000\341\000i\000\040\000h\000i\036\307\000n\000\040\000\050\000r\000e\000p\000r\000o\000d\000u\000c\000e\000d\000\051}{section.3}% 15
\BOOKMARK [2][-]{subsection.3.4}{\376\377\000K\036\277\000t\000\040\000q\000u\036\243\000\040\000m\036\337\000\040\000r\036\331\000n\000g\000\040\000v\000\340\000\040\000p\000h\000\342\000n\000\040\000t\000\355\000c\000h}{section.3}% 16
\BOOKMARK [3][-]{subsubsection.3.4.1}{\376\377\000T\000r\036\361\000c\000\040\000q\000u\000a\000n\000\040\000h\000\363\000a\000\040\000t\000h\000e\000o\000\040\000m\000o\000d\000a\000l\000i\000t\000y\000\040\000\050\0001\0000\000\040\000m\036\253\000u\000\040\000t\036\321\000t\000/\000x\036\245\000u\000\040\000n\000h\036\245\000t\000\051}{subsection.3.4}% 17
\BOOKMARK [3][-]{subsubsection.3.4.2}{\376\377\000S\000o\000\040\000s\000\341\000n\000h\000\040\000a\000b\000l\000a\000t\000i\000o\000n\000\040\000b\000\340\000i\000\040\000b\000\341\000o\000\040\000\050\000t\000h\000a\000m\000\040\000c\000h\000i\036\277\000u\000\051}{subsection.3.4}% 18
\BOOKMARK [3][-]{subsubsection.3.4.3}{\376\377\000N\000g\000u\000y\000\352\000n\000\040\000n\000h\000\342\000n\000\040\000s\000a\000i\000\040\000l\036\307\000c\000h\000\040\000v\000\340\000\040\000h\001\260\036\333\000n\000g\000\040\000x\036\355\000\040\000l\000\375}{subsection.3.4}% 19
\BOOKMARK [1][-]{section.4}{\376\377\000K\036\277\000t\000\040\000l\000u\036\255\000n}{}% 20
\BOOKMARK [1][-]{section*.13}{\376\377\000T\000\340\000i\000\040\000l\000i\036\307\000u}{}% 21
